RAM Allocation [bytes]
Variable                                                                          Address   Size
------------------------------------------------------------------------------------------------
game                                                                              0x01B0      18
win                                                                               0x01C2      16
k                                                                                 0x01D2       2
row                                                                               0x01D4       4
txt                                                                               0x01D8      20
num                                                                               0x01EC       2
_base_y                                                                           0x01EE       4
_lcd_x                                                                            0x01F2       1
_lcd_y                                                                            0x01F3       1
_lcd_maxx                                                                         0x01F4       1

EEPROM Allocation [bytes]
Variable                                                                          Address   Size
------------------------------------------------------------------------------------------------

Register Allocation
Variable                                                                          Register  Size
------------------------------------------------------------------------------------------------
player                                                                            R4,R5        2
count                                                                             R6,R7        2
state                                                                             R8,R9        2
r                                                                                 R10,R11      2
c                                                                                 R12,R13      2

FLASH Allocation [words]
Function                                                                          Address   Size
------------------------------------------------------------------------------------------------
keypad                                                                            0x000AE     58
init                                                                              0x000E8    106
showBoard                                                                         0x00152     48
winnerCheck                                                                       0x00182    107
main                                                                              0x001ED    161
_lcd_delay_G100                                                                   0x0028E      4
_lcd_ready                                                                        0x00292     17
_lcd_write_nibble_G100                                                            0x002A3     10
_lcd_write_data                                                                   0x002AD     15
_lcd_read_nibble_G100                                                             0x002BC      9
lcd_read_byte0_G100                                                               0x002C5      9
lcd_gotoxy                                                                        0x002CE     20
lcd_clear                                                                         0x002E2     21
lcd_putchar                                                                       0x002F7     39
lcd_puts                                                                          0x0031E     17
_long_delay_G100                                                                  0x0032F      5
_lcd_init_write_G100                                                              0x00334     12
lcd_init                                                                          0x00340     52
put_buff_G101                                                                     0x00374     64
_print_G101                                                                       0x003B4    306
sprintf                                                                           0x004E6     52
strcpy                                                                            0x0051A     13
strlen                                                                            0x00527     12
strlenf                                                                           0x00533     13
